core_cm3.h:1014:22:NVIC_SetPriority	16	static
core_cm3.h:1139:26:SysTick_Config	16	static
main.c:21:6:delay_ms	16	static
main.c:26:6:SysTick_Handler	4	static
main.c:34:6:PeripheralInit_GPIO	16	static
main.c:50:6:PeripheralInit_SPI1_Master	32	static
main.c:102:9:transfer_8b_SPI1_Master	16	static
main.c:118:6:PeripheralInit_SPI2_Master	32	static
main.c:170:9:transfer_8b_SPI2_Master	16	static
main.c:186:6:PeripheralInit_USART1	32	static
main.c:223:5:put_char_usart1	16	static
main.c:230:5:get_char_usart1	8	static
main.c:245:5:serial_print_usart1	24	static
main.c:255:5:main	16	static
