core_cm3.h:1014:22:NVIC_SetPriority	16	static
core_cm3.h:1139:26:SysTick_Config	16	static
main.c:21:6:delay_ms	16	static
main.c:26:6:SysTick_Handler	4	static
main.c:34:6:PeripheralInit_GPIO	16	static
main.c:59:6:PeripheralInit_SPI1_Master	32	static
main.c:111:9:transfer_8b_SPI1_Master	16	static
main.c:127:6:PeripheralInit_SPI2_Master	32	static
main.c:179:10:transfer_8b_SPI2_Master	16	static
main.c:195:6:PeripheralInit_USART3	32	static
main.c:233:5:put_char_USART3	16	static
main.c:240:5:get_char_USART3	8	static
main.c:255:5:serial_print_USART3	24	static
main.c:265:5:main	16	static
