core_cm3.h:1014:22:NVIC_SetPriority	16	static
core_cm3.h:1139:26:SysTick_Config	16	static
SysTick.h:21:6:SetSysClockTo72	16	static
SysTick.h:83:6:SysTick_Handler	4	static
SysTick.h:92:6:SysTick_Init	8	static
SysTick.h:102:6:delayUs	16	static
SysTick.h:110:6:delayMs	16	static
SysTick.h:121:10:getTime	4	static
SysTick.h:126:6:clearTime	4	static
main.c:7:6:InitializeTimer	24	static
main.c:18:6:InitializePWMChannel	32	static
main.c:37:6:InitializeLEDs	16	static
main.c:50:5:main	8	static
main.c:82:6:__assert_func	24	static
main.c:91:6:__assert	24	static
