core_cm3.h:1014:22:NVIC_SetPriority	16	static
core_cm3.h:1139:26:SysTick_Config	16	static
main.c:20:6:delay_ms	16	static
main.c:25:6:SysTick_Handler	4	static
main.c:33:6:PeripheralInit_SPI1_Slave	32	static
main.c:95:10:transfer_8b_SPI1_Slave	16	static
main.c:111:6:PeripheralInit_SPI2_Slave	32	static
main.c:168:9:transfer_8b_SPI2_Slave	16	static
main.c:184:6:PeripheralInit_USART1	32	static
main.c:219:5:put_char_usart1	16	static
main.c:226:5:get_char_usart1	8	static
main.c:241:5:serial_print_usart1	24	static
main.c:252:5:main	16	static
