Archive member included to satisfy reference by file (symbol)

c:/program files (x86)/atollic/truestudio for stm32 9.2.0/armtools/bin/../lib/gcc/arm-atollic-eabi/6.3.1/../../../../arm-atollic-eabi/lib/armv7-m\libc_nano.a(lib_a-errno.o)
                              Src\syscalls.o (__errno)
c:/program files (x86)/atollic/truestudio for stm32 9.2.0/armtools/bin/../lib/gcc/arm-atollic-eabi/6.3.1/../../../../arm-atollic-eabi/lib/armv7-m\libc_nano.a(lib_a-impure.o)
                              c:/program files (x86)/atollic/truestudio for stm32 9.2.0/armtools/bin/../lib/gcc/arm-atollic-eabi/6.3.1/../../../../arm-atollic-eabi/lib/armv7-m\libc_nano.a(lib_a-errno.o) (_impure_ptr)
c:/program files (x86)/atollic/truestudio for stm32 9.2.0/armtools/bin/../lib/gcc/arm-atollic-eabi/6.3.1/../../../../arm-atollic-eabi/lib/armv7-m\libc_nano.a(lib_a-init.o)
                              startup\startup_stm32f103xb.o (__libc_init_array)
c:/program files (x86)/atollic/truestudio for stm32 9.2.0/armtools/bin/../lib/gcc/arm-atollic-eabi/6.3.1/../../../../arm-atollic-eabi/lib/armv7-m\libc_nano.a(lib_a-memcpy-stub.o)
                              Middlewares\Third_Party\FreeRTOS\Source\queue.o (memcpy)
c:/program files (x86)/atollic/truestudio for stm32 9.2.0/armtools/bin/../lib/gcc/arm-atollic-eabi/6.3.1/../../../../arm-atollic-eabi/lib/armv7-m\libc_nano.a(lib_a-memset.o)
                              Drivers\STM32F1xx_HAL_Driver\Src\stm32f1xx_hal_rcc.o (memset)
c:/program files (x86)/atollic/truestudio for stm32 9.2.0/armtools/bin/../lib/gcc/arm-atollic-eabi/6.3.1/armv7-m\libgcc.a(_lshrdi3.o)
                              Drivers\STM32F1xx_HAL_Driver\Src\stm32f1xx_hal_flash.o (__aeabi_llsr)

Allocating common symbols
Common symbol       size              file

defaultTaskHandle   0x4               Src\main.o
uwTick              0x4               Drivers\STM32F1xx_HAL_Driver\Src\stm32f1xx_hal.o
xQueueRegistry      0x40              Middlewares\Third_Party\FreeRTOS\Source\queue.o
pFlash              0x20              Drivers\STM32F1xx_HAL_Driver\Src\stm32f1xx_hal_flash.o
myTask02Handle      0x4               Src\main.o
htim1               0x40              Src\stm32f1xx_hal_timebase_tim.o
uartMutexHandle     0x4               Src\main.o
myTask03Handle      0x4               Src\main.o
huart2              0x40              Src\main.o

Discarded input sections

 .text          0x00000000        0x0 c:/program files (x86)/atollic/truestudio for stm32 9.2.0/armtools/bin/../lib/gcc/arm-atollic-eabi/6.3.1/armv7-m/crti.o
 .data          0x00000000        0x0 c:/program files (x86)/atollic/truestudio for stm32 9.2.0/armtools/bin/../lib/gcc/arm-atollic-eabi/6.3.1/armv7-m/crti.o
 .bss           0x00000000        0x0 c:/program files (x86)/atollic/truestudio for stm32 9.2.0/armtools/bin/../lib/gcc/arm-atollic-eabi/6.3.1/armv7-m/crti.o
 .data          0x00000000        0x4 c:/program files (x86)/atollic/truestudio for stm32 9.2.0/armtools/bin/../lib/gcc/arm-atollic-eabi/6.3.1/armv7-m/crtbegin.o
 .text          0x00000000        0x0 Drivers\STM32F1xx_HAL_Driver\Src\stm32f1xx_hal.o
 .data          0x00000000        0x0 Drivers\STM32F1xx_HAL_Driver\Src\stm32f1xx_hal.o
 .bss           0x00000000        0x0 Drivers\STM32F1xx_HAL_Driver\Src\stm32f1xx_hal.o
 .text.HAL_MspInit
                0x00000000        0x2 Drivers\STM32F1xx_HAL_Driver\Src\stm32f1xx_hal.o
 .text.HAL_MspDeInit
                0x00000000        0x2 Drivers\STM32F1xx_HAL_Driver\Src\stm32f1xx_hal.o
 .text.HAL_DeInit
                0x00000000       0x20 Drivers\STM32F1xx_HAL_Driver\Src\stm32f1xx_hal.o
 .text.HAL_InitTick
                0x00000000       0x48 Drivers\STM32F1xx_HAL_Driver\Src\stm32f1xx_hal.o
 .text.HAL_GetTickPrio
                0x00000000        0xc Drivers\STM32F1xx_HAL_Driver\Src\stm32f1xx_hal.o
 .text.HAL_SetTickFreq
                0x00000000       0x28 Drivers\STM32F1xx_HAL_Driver\Src\stm32f1xx_hal.o
 .text.HAL_GetTickFreq
                0x00000000        0xc Drivers\STM32F1xx_HAL_Driver\Src\stm32f1xx_hal.o
 .text.HAL_Delay
                0x00000000       0x24 Drivers\STM32F1xx_HAL_Driver\Src\stm32f1xx_hal.o
 .text.HAL_SuspendTick
                0x00000000       0x10 Drivers\STM32F1xx_HAL_Driver\Src\stm32f1xx_hal.o
 .text.HAL_ResumeTick
                0x00000000       0x10 Drivers\STM32F1xx_HAL_Driver\Src\stm32f1xx_hal.o
 .text.HAL_GetHalVersion
                0x00000000        0x8 Drivers\STM32F1xx_HAL_Driver\Src\stm32f1xx_hal.o
 .text.HAL_GetREVID
                0x00000000        0xc Drivers\STM32F1xx_HAL_Driver\Src\stm32f1xx_hal.o
 .text.HAL_GetDEVID
                0x00000000       0x10 Drivers\STM32F1xx_HAL_Driver\Src\stm32f1xx_hal.o
 .text.HAL_GetUIDw0
                0x00000000        0xc Drivers\STM32F1xx_HAL_Driver\Src\stm32f1xx_hal.o
 .text.HAL_GetUIDw1
                0x00000000        0xc Drivers\STM32F1xx_HAL_Driver\Src\stm32f1xx_hal.o
 .text.HAL_GetUIDw2
[...]
Memory Configuration

Name             Origin             Length             Attributes
RAM              0x20000000         0x00005000         xrw
FLASH            0x08000000         0x00010000         xr
*default*        0x00000000         0xffffffff

Linker script and memory map

LOAD c:/program files (x86)/atollic/truestudio for stm32 9.2.0/armtools/bin/../lib/gcc/arm-atollic-eabi/6.3.1/armv7-m/crti.o
LOAD c:/program files (x86)/atollic/truestudio for stm32 9.2.0/armtools/bin/../lib/gcc/arm-atollic-eabi/6.3.1/armv7-m/crtbegin.o
LOAD Drivers\STM32F1xx_HAL_Driver\Src\stm32f1xx_hal.o
LOAD Drivers\STM32F1xx_HAL_Driver\Src\stm32f1xx_hal_cortex.o
LOAD Drivers\STM32F1xx_HAL_Driver\Src\stm32f1xx_hal_dma.o
LOAD Drivers\STM32F1xx_HAL_Driver\Src\stm32f1xx_hal_exti.o
LOAD Drivers\STM32F1xx_HAL_Driver\Src\stm32f1xx_hal_flash.o
LOAD Drivers\STM32F1xx_HAL_Driver\Src\stm32f1xx_hal_flash_ex.o
LOAD Drivers\STM32F1xx_HAL_Driver\Src\stm32f1xx_hal_gpio.o
LOAD Drivers\STM32F1xx_HAL_Driver\Src\stm32f1xx_hal_gpio_ex.o
LOAD Drivers\STM32F1xx_HAL_Driver\Src\stm32f1xx_hal_pwr.o
LOAD Drivers\STM32F1xx_HAL_Driver\Src\stm32f1xx_hal_rcc.o
LOAD Drivers\STM32F1xx_HAL_Driver\Src\stm32f1xx_hal_rcc_ex.o
LOAD Drivers\STM32F1xx_HAL_Driver\Src\stm32f1xx_hal_tim.o
LOAD Drivers\STM32F1xx_HAL_Driver\Src\stm32f1xx_hal_tim_ex.o
LOAD Drivers\STM32F1xx_HAL_Driver\Src\stm32f1xx_hal_uart.o
LOAD Middlewares\Third_Party\FreeRTOS\Source\CMSIS_RTOS\cmsis_os.o
LOAD Middlewares\Third_Party\FreeRTOS\Source\croutine.o
LOAD Middlewares\Third_Party\FreeRTOS\Source\event_groups.o
LOAD Middlewares\Third_Party\FreeRTOS\Source\list.o
LOAD Middlewares\Third_Party\FreeRTOS\Source\portable\GCC\ARM_CM3\port.o
LOAD Middlewares\Third_Party\FreeRTOS\Source\portable\MemMang\heap_4.o
LOAD Middlewares\Third_Party\FreeRTOS\Source\queue.o
LOAD Middlewares\Third_Party\FreeRTOS\Source\stream_buffer.o
LOAD Middlewares\Third_Party\FreeRTOS\Source\tasks.o
LOAD Middlewares\Third_Party\FreeRTOS\Source\timers.o
LOAD Src\freertos.o
LOAD Src\main.o
LOAD Src\stm32f1xx_hal_msp.o
LOAD Src\stm32f1xx_hal_timebase_tim.o
LOAD Src\stm32f1xx_it.o
LOAD Src\syscalls.o
LOAD Src\system_stm32f1xx.o
LOAD startup\startup_stm32f103xb.o
                0x00000080                malloc_getpagesize_P = 0x80
START GROUP
LOAD c:/program files (x86)/atollic/truestudio for stm32 9.2.0/armtools/bin/../lib/gcc/arm-atollic-eabi/6.3.1/../../../../arm-atollic-eabi/lib/armv7-m\libc_nano.a
LOAD c:/program files (x86)/atollic/truestudio for stm32 9.2.0/armtools/bin/../lib/gcc/arm-atollic-eabi/6.3.1/../../../../arm-atollic-eabi/lib/armv7-m\libm.a
END GROUP
START GROUP
LOAD c:/program files (x86)/atollic/truestudio for stm32 9.2.0/armtools/bin/../lib/gcc/arm-atollic-eabi/6.3.1/armv7-m\libgcc.a
LOAD c:/program files (x86)/atollic/truestudio for stm32 9.2.0/armtools/bin/../lib/gcc/arm-atollic-eabi/6.3.1/../../../../arm-atollic-eabi/lib/armv7-m\libc_nano.a
END GROUP
START GROUP
LOAD c:/program files (x86)/atollic/truestudio for stm32 9.2.0/armtools/bin/../lib/gcc/arm-atollic-eabi/6.3.1/armv7-m\libgcc.a
LOAD c:/program files (x86)/atollic/truestudio for stm32 9.2.0/armtools/bin/../lib/gcc/arm-atollic-eabi/6.3.1/../../../../arm-atollic-eabi/lib/armv7-m\libc_nano.a
LOAD c:/program files (x86)/atollic/truestudio for stm32 9.2.0/armtools/bin/../lib/gcc/arm-atollic-eabi/6.3.1/../../../../arm-atollic-eabi/lib/armv7-m\libnosys.a
END GROUP
START GROUP
LOAD c:/program files (x86)/atollic/truestudio for stm32 9.2.0/armtools/bin/../lib/gcc/arm-atollic-eabi/6.3.1/armv7-m\libgcc.a
LOAD c:/program files (x86)/atollic/truestudio for stm32 9.2.0/armtools/bin/../lib/gcc/arm-atollic-eabi/6.3.1/../../../../arm-atollic-eabi/lib/armv7-m\libc_nano.a
LOAD c:/program files (x86)/atollic/truestudio for stm32 9.2.0/armtools/bin/../lib/gcc/arm-atollic-eabi/6.3.1/../../../../arm-atollic-eabi/lib/armv7-m\libnosys.a
END GROUP
LOAD c:/program files (x86)/atollic/truestudio for stm32 9.2.0/armtools/bin/../lib/gcc/arm-atollic-eabi/6.3.1/armv7-m/crtend.o
LOAD c:/program files (x86)/atollic/truestudio for stm32 9.2.0/armtools/bin/../lib/gcc/arm-atollic-eabi/6.3.1/armv7-m/crtn.o
                0x20005000                _estack = 0x20005000
                0x00000200                _Min_Heap_Size = 0x200
                0x00000400                _Min_Stack_Size = 0x400

.isr_vector     0x08000000      0x10c
                0x08000000                . = ALIGN (0x4)
 *(.isr_vector)
 .isr_vector    0x08000000      0x10c startup\startup_stm32f103xb.o
                0x08000000                g_pfnVectors
                0x0800010c                . = ALIGN (0x4)

.text           0x08000110     0x2024
                0x08000110                . = ALIGN (0x4)
 *(.text)
 .text          0x08000110       0x40 c:/program files (x86)/atollic/truestudio for stm32 9.2.0/armtools/bin/../lib/gcc/arm-atollic-eabi/6.3.1/armv7-m/crtbegin.o
 *(.text*)
 .text.HAL_Init
                0x08000150       0x24 Drivers\STM32F1xx_HAL_Driver\Src\stm32f1xx_hal.o
                0x08000150                HAL_Init
 .text.HAL_IncTick
                0x08000174       0x18 Drivers\STM32F1xx_HAL_Driver\Src\stm32f1xx_hal.o
                0x08000174                HAL_IncTick
 .text.HAL_GetTick
                0x0800018c        0xc Drivers\STM32F1xx_HAL_Driver\Src\stm32f1xx_hal.o
                0x0800018c                HAL_GetTick
 .text.HAL_NVIC_SetPriorityGrouping
                0x08000198       0x24 Drivers\STM32F1xx_HAL_Driver\Src\stm32f1xx_hal_cortex.o
                0x08000198                HAL_NVIC_SetPriorityGrouping
 .text.HAL_NVIC_SetPriority
                0x080001bc       0x68 Drivers\STM32F1xx_HAL_Driver\Src\stm32f1xx_hal_cortex.o
                0x080001bc                HAL_NVIC_SetPriority
 .text.HAL_NVIC_EnableIRQ
                0x08000224       0x1c Drivers\STM32F1xx_HAL_Driver\Src\stm32f1xx_hal_cortex.o
                0x08000224                HAL_NVIC_EnableIRQ
 .text.HAL_GPIO_Init
                0x08000240      0x1c4 Drivers\STM32F1xx_HAL_Driver\Src\stm32f1xx_hal_gpio.o
                0x08000240                HAL_GPIO_Init
 .text.HAL_GPIO_WritePin
                0x08000404        0xa Drivers\STM32F1xx_HAL_Driver\Src\stm32f1xx_hal_gpio.o
                0x08000404                HAL_GPIO_WritePin
 .text.HAL_GPIO_TogglePin
                0x0800040e        0xc Drivers\STM32F1xx_HAL_Driver\Src\stm32f1xx_hal_gpio.o
                0x0800040e                HAL_GPIO_TogglePin
 *fill*         0x0800041a        0x2 
 .text.HAL_RCC_OscConfig
                0x0800041c      0x33c Drivers\STM32F1xx_HAL_Driver\Src\stm32f1xx_hal_rcc.o
                0x0800041c                HAL_RCC_OscConfig
 .text.HAL_RCC_GetSysClockFreq
                0x08000758       0x78 Drivers\STM32F1xx_HAL_Driver\Src\stm32f1xx_hal_rcc.o
                0x08000758                HAL_RCC_GetSysClockFreq
 .text.HAL_RCC_ClockConfig
                0x080007d0      0x13c Drivers\STM32F1xx_HAL_Driver\Src\stm32f1xx_hal_rcc.o
                0x080007d0                HAL_RCC_ClockConfig
 .text.HAL_RCC_GetPCLK1Freq
                0x0800090c       0x20 Drivers\STM32F1xx_HAL_Driver\Src\stm32f1xx_hal_rcc.o
                0x0800090c                HAL_RCC_GetPCLK1Freq
 .text.HAL_RCC_GetPCLK2Freq
                0x0800092c       0x20 Drivers\STM32F1xx_HAL_Driver\Src\stm32f1xx_hal_rcc.o
                0x0800092c                HAL_RCC_GetPCLK2Freq
 .text.HAL_RCC_GetClockConfig
                0x0800094c       0x3c Drivers\STM32F1xx_HAL_Driver\Src\stm32f1xx_hal_rcc.o
                0x0800094c                HAL_RCC_GetClockConfig
 .text.HAL_TIM_Base_MspInit
                0x08000988        0x2 Drivers\STM32F1xx_HAL_Driver\Src\stm32f1xx_hal_tim.o
                0x08000988                HAL_TIM_Base_MspInit
 .text.HAL_TIM_Base_Start_IT
                0x0800098a       0x20 Drivers\STM32F1xx_HAL_Driver\Src\stm32f1xx_hal_tim.o
                0x0800098a                HAL_TIM_Base_Start_IT
 .text.HAL_TIM_OC_DelayElapsedCallback
                0x080009aa        0x2 Drivers\STM32F1xx_HAL_Driver\Src\stm32f1xx_hal_tim.o
                0x080009aa                HAL_TIM_OC_DelayElapsedCallback
 .text.HAL_TIM_IC_CaptureCallback
                0x080009ac        0x2 Drivers\STM32F1xx_HAL_Driver\Src\stm32f1xx_hal_tim.o
                0x080009ac                HAL_TIM_IC_CaptureCallback
 .text.HAL_TIM_PWM_PulseFinishedCallback
                0x080009ae        0x2 Drivers\STM32F1xx_HAL_Driver\Src\stm32f1xx_hal_tim.o
                0x080009ae                HAL_TIM_PWM_PulseFinishedCallback
 .text.HAL_TIM_TriggerCallback
                0x080009b0        0x2 Drivers\STM32F1xx_HAL_Driver\Src\stm32f1xx_hal_tim.o
                0x080009b0                HAL_TIM_TriggerCallback
 .text.HAL_TIM_IRQHandler
                0x080009b2      0x144 Drivers\STM32F1xx_HAL_Driver\Src\stm32f1xx_hal_tim.o
                0x080009b2                HAL_TIM_IRQHandler
 *fill*         0x08000af6        0x2 
 .text.TIM_Base_SetConfig
                0x08000af8       0x70 Drivers\STM32F1xx_HAL_Driver\Src\stm32f1xx_hal_tim.o
                0x08000af8                TIM_Base_SetConfig
 .text.HAL_TIM_Base_Init
                0x08000b68       0x34 Drivers\STM32F1xx_HAL_Driver\Src\stm32f1xx_hal_tim.o
                0x08000b68                HAL_TIM_Base_Init
 .text.HAL_TIMEx_CommutCallback
                0x08000b9c        0x2 Drivers\STM32F1xx_HAL_Driver\Src\stm32f1xx_hal_tim_ex.o
                0x08000b9c                HAL_TIMEx_CommutCallback
 .text.HAL_TIMEx_BreakCallback
                0x08000b9e        0x2 Drivers\STM32F1xx_HAL_Driver\Src\stm32f1xx_hal_tim_ex.o
                0x08000b9e                HAL_TIMEx_BreakCallback
 .text.UART_SetConfig
                0x08000ba0       0x74 Drivers\STM32F1xx_HAL_Driver\Src\stm32f1xx_hal_uart.o
 .text.HAL_UART_Init
                0x08000c14       0x5c Drivers\STM32F1xx_HAL_Driver\Src\stm32f1xx_hal_uart.o
                0x08000c14                HAL_UART_Init
 .text.osKernelStart
                0x08000c70        0xa Middlewares\Third_Party\FreeRTOS\Source\CMSIS_RTOS\cmsis_os.o
                0x08000c70                osKernelStart
 .text.osThreadCreate
                0x08000c7a       0x32 Middlewares\Third_Party\FreeRTOS\Source\CMSIS_RTOS\cmsis_os.o
                0x08000c7a                osThreadCreate
 .text.osDelay  0x08000cac       0x10 Middlewares\Third_Party\FreeRTOS\Source\CMSIS_RTOS\cmsis_os.o
                0x08000cac                osDelay
 .text.osMutexCreate
                0x08000cbc        0x6 Middlewares\Third_Party\FreeRTOS\Source\CMSIS_RTOS\cmsis_os.o
                0x08000cbc                osMutexCreate
 .text.vListInitialise
                0x08000cc2       0x16 Middlewares\Third_Party\FreeRTOS\Source\list.o
                0x08000cc2                vListInitialise
 .text.vListInitialiseItem
                0x08000cd8        0x6 Middlewares\Third_Party\FreeRTOS\Source\list.o
                0x08000cd8                vListInitialiseItem
 .text.vListInsertEnd
                0x08000cde       0x18 Middlewares\Third_Party\FreeRTOS\Source\list.o
                0x08000cde                vListInsertEnd
 .text.vListInsert
                0x08000cf6       0x2e Middlewares\Third_Party\FreeRTOS\Source\list.o
                0x08000cf6                vListInsert
 .text.uxListRemove
                0x08000d24       0x22 Middlewares\Third_Party\FreeRTOS\Source\list.o
                0x08000d24                uxListRemove
 *fill*         0x08000d46        0x2 
 .text.prvTaskExitError
                0x08000d48       0x40 Middlewares\Third_Party\FreeRTOS\Source\portable\GCC\ARM_CM3\port.o
 .text.unlikely.prvPortStartFirstTask
                0x08000d88       0x20 Middlewares\Third_Party\FreeRTOS\Source\portable\GCC\ARM_CM3\port.o
 .text.pxPortInitialiseStack
                0x08000da8       0x24 Middlewares\Third_Party\FreeRTOS\Source\portable\GCC\ARM_CM3\port.o
                0x08000da8                pxPortInitialiseStack
 *fill*         0x08000dcc        0x4 
 .text.SVC_Handler
                0x08000dd0       0x24 Middlewares\Third_Party\FreeRTOS\Source\portable\GCC\ARM_CM3\port.o
                0x08000dd0                SVC_Handler
 .text.vPortEnterCritical
                0x08000df4       0x44 Middlewares\Third_Party\FreeRTOS\Source\portable\GCC\ARM_CM3\port.o
                0x08000df4                vPortEnterCritical
 .text.vPortExitCritical
                0x08000e38       0x28 Middlewares\Third_Party\FreeRTOS\Source\portable\GCC\ARM_CM3\port.o
                0x08000e38                vPortExitCritical
 .text.PendSV_Handler
                0x08000e60       0x44 Middlewares\Third_Party\FreeRTOS\Source\portable\GCC\ARM_CM3\port.o
                0x08000e60                PendSV_Handler
 .text.SysTick_Handler
                0x08000ea4       0x2c Middlewares\Third_Party\FreeRTOS\Source\portable\GCC\ARM_CM3\port.o
                0x08000ea4                SysTick_Handler
 .text.vPortSetupTimerInterrupt
                0x08000ed0       0x34 Middlewares\Third_Party\FreeRTOS\Source\portable\GCC\ARM_CM3\port.o
                0x08000ed0                vPortSetupTimerInterrupt
 .text.xPortStartScheduler
                0x08000f04       0xb4 Middlewares\Third_Party\FreeRTOS\Source\portable\GCC\ARM_CM3\port.o
                0x08000f04                xPortStartScheduler
 .text.unlikely.prvInsertBlockIntoFreeList
                0x08000fb8       0x48 Middlewares\Third_Party\FreeRTOS\Source\portable\MemMang\heap_4.o
 .text.pvPortMalloc
                0x08001000      0x11c Middlewares\Third_Party\FreeRTOS\Source\portable\MemMang\heap_4.o
                0x08001000                pvPortMalloc
 .text.vPortFree
                0x0800111c       0x70 Middlewares\Third_Party\FreeRTOS\Source\portable\MemMang\heap_4.o
                0x0800111c                vPortFree
 .text.unlikely.prvCopyDataToQueue
                0x0800118c       0x66 Middlewares\Third_Party\FreeRTOS\Source\queue.o
 .text.prvUnlockQueue
                0x080011f2       0x70 Middlewares\Third_Party\FreeRTOS\Source\queue.o
 *fill*         0x08001262        0x2 
 .text.xQueueGenericReset
                0x08001264       0x80 Middlewares\Third_Party\FreeRTOS\Source\queue.o
                0x08001264                xQueueGenericReset
 .text.xQueueGenericCreate
                0x080012e4       0x42 Middlewares\Third_Party\FreeRTOS\Source\queue.o
                0x080012e4                xQueueGenericCreate
 *fill*         0x08001326        0x2 
 .text.xQueueGenericSend
                0x08001328      0x16c Middlewares\Third_Party\FreeRTOS\Source\queue.o
                0x08001328                xQueueGenericSend
 .text.xQueueCreateMutex
                0x08001494       0x24 Middlewares\Third_Party\FreeRTOS\Source\queue.o
                0x08001494                xQueueCreateMutex
 .text.prvResetNextTaskUnblockTime
                0x080014b8       0x24 Middlewares\Third_Party\FreeRTOS\Source\tasks.o
 .text.prvAddCurrentTaskToDelayedList
                0x080014dc       0x8c Middlewares\Third_Party\FreeRTOS\Source\tasks.o
 .text.prvIdleTask
                0x08001568       0x6c Middlewares\Third_Party\FreeRTOS\Source\tasks.o
 .text.xTaskCreate
                0x080015d4      0x1a0 Middlewares\Third_Party\FreeRTOS\Source\tasks.o
                0x080015d4                xTaskCreate
 .text.vTaskStartScheduler
                0x08001774       0x78 Middlewares\Third_Party\FreeRTOS\Source\tasks.o
                0x08001774                vTaskStartScheduler
 .text.vTaskSuspendAll
                0x080017ec       0x10 Middlewares\Third_Party\FreeRTOS\Source\tasks.o
                0x080017ec                vTaskSuspendAll
 .text.xTaskIncrementTick
                0x080017fc      0x124 Middlewares\Third_Party\FreeRTOS\Source\tasks.o
                0x080017fc                xTaskIncrementTick
 .text.xTaskResumeAll
                0x08001920       0xf0 Middlewares\Third_Party\FreeRTOS\Source\tasks.o
                0x08001920                xTaskResumeAll
 .text.vTaskDelay
                0x08001a10       0x48 Middlewares\Third_Party\FreeRTOS\Source\tasks.o
                0x08001a10                vTaskDelay
 .text.vTaskSwitchContext
                0x08001a58       0x74 Middlewares\Third_Party\FreeRTOS\Source\tasks.o
                0x08001a58                vTaskSwitchContext
 .text.vTaskPlaceOnEventList
                0x08001acc       0x34 Middlewares\Third_Party\FreeRTOS\Source\tasks.o
                0x08001acc                vTaskPlaceOnEventList
 .text.xTaskRemoveFromEventList
                0x08001b00       0x84 Middlewares\Third_Party\FreeRTOS\Source\tasks.o
                0x08001b00                xTaskRemoveFromEventList
 .text.vTaskInternalSetTimeOutState
                0x08001b84       0x18 Middlewares\Third_Party\FreeRTOS\Source\tasks.o
                0x08001b84                vTaskInternalSetTimeOutState
 .text.xTaskCheckForTimeOut
                0x08001b9c       0x78 Middlewares\Third_Party\FreeRTOS\Source\tasks.o
                0x08001b9c                xTaskCheckForTimeOut
 .text.vTaskMissedYield
                0x08001c14        0xc Middlewares\Third_Party\FreeRTOS\Source\tasks.o
                0x08001c14                vTaskMissedYield
 .text.xTaskGetSchedulerState
                0x08001c20       0x20 Middlewares\Third_Party\FreeRTOS\Source\tasks.o
                0x08001c20                xTaskGetSchedulerState
 .text.xTaskPriorityDisinherit
                0x08001c40       0xa0 Middlewares\Third_Party\FreeRTOS\Source\tasks.o
                0x08001c40                xTaskPriorityDisinherit
 .text.Thread1  0x08001ce0       0x1c Src\main.o
                0x08001ce0                Thread1
 .text.Thread2  0x08001cfc       0x1c Src\main.o
                0x08001cfc                Thread2
 .text.Thread3  0x08001d18       0x18 Src\main.o
                0x08001d18                Thread3
 .text.SystemClock_Config
                0x08001d30       0x54 Src\main.o
                0x08001d30                SystemClock_Config
 .text.startup.main
                0x08001d84      0x128 Src\main.o
                0x08001d84                main
 .text.HAL_TIM_PeriodElapsedCallback
                0x08001eac       0x14 Src\main.o
                0x08001eac                HAL_TIM_PeriodElapsedCallback
 .text.HAL_MspInit
                0x08001ec0       0x50 Src\stm32f1xx_hal_msp.o
                0x08001ec0                HAL_MspInit
 .text.HAL_UART_MspInit
                0x08001f10       0x74 Src\stm32f1xx_hal_msp.o
                0x08001f10                HAL_UART_MspInit
 .text.HAL_InitTick
                0x08001f84       0x78 Src\stm32f1xx_hal_timebase_tim.o
                0x08001f84                HAL_InitTick
 .text.NMI_Handler
                0x08001ffc        0x2 Src\stm32f1xx_it.o
                0x08001ffc                NMI_Handler
 .text.HardFault_Handler
                0x08001ffe        0x2 Src\stm32f1xx_it.o
                0x08001ffe                HardFault_Handler
 .text.MemManage_Handler
                0x08002000        0x2 Src\stm32f1xx_it.o
                0x08002000                MemManage_Handler
 .text.BusFault_Handler
                0x08002002        0x2 Src\stm32f1xx_it.o
                0x08002002                BusFault_Handler
 .text.UsageFault_Handler
                0x08002004        0x2 Src\stm32f1xx_it.o
                0x08002004                UsageFault_Handler
 .text.DebugMon_Handler
                0x08002006        0x2 Src\stm32f1xx_it.o
                0x08002006                DebugMon_Handler
 .text.TIM1_UP_IRQHandler
                0x08002008        0xc Src\stm32f1xx_it.o
                0x08002008                TIM1_UP_IRQHandler
 .text.SystemInit
                0x08002014       0x4c Src\system_stm32f1xx.o
                0x08002014                SystemInit
 .text.Reset_Handler
                0x08002060       0x48 startup\startup_stm32f103xb.o
                0x08002060                Reset_Handler
 .text.Default_Handler
                0x080020a8        0x2 startup\startup_stm32f103xb.o
                0x080020a8                RTC_Alarm_IRQHandler
                0x080020a8                EXTI2_IRQHandler
                0x080020a8                TIM1_CC_IRQHandler
                0x080020a8                PVD_IRQHandler
                0x080020a8                EXTI3_IRQHandler
                0x080020a8                EXTI0_IRQHandler
                0x080020a8                I2C2_EV_IRQHandler
                0x080020a8                ADC1_2_IRQHandler
                0x080020a8                SPI1_IRQHandler
                0x080020a8                TAMPER_IRQHandler
                0x080020a8                DMA1_Channel4_IRQHandler
                0x080020a8                USART3_IRQHandler
                0x080020a8                RTC_IRQHandler
                0x080020a8                DMA1_Channel7_IRQHandler
                0x080020a8                CAN1_RX1_IRQHandler
                0x080020a8                TIM4_IRQHandler
                0x080020a8                I2C1_EV_IRQHandler
                0x080020a8                DMA1_Channel6_IRQHandler
                0x080020a8                TIM3_IRQHandler
                0x080020a8                RCC_IRQHandler
                0x080020a8                TIM1_TRG_COM_IRQHandler
                0x080020a8                DMA1_Channel1_IRQHandler
                0x080020a8                Default_Handler
                0x080020a8                EXTI15_10_IRQHandler
                0x080020a8                EXTI9_5_IRQHandler
                0x080020a8                SPI2_IRQHandler
                0x080020a8                DMA1_Channel5_IRQHandler
                0x080020a8                EXTI4_IRQHandler
                0x080020a8                USB_LP_CAN1_RX0_IRQHandler
                0x080020a8                USB_HP_CAN1_TX_IRQHandler
                0x080020a8                DMA1_Channel3_IRQHandler
                0x080020a8                WWDG_IRQHandler
                0x080020a8                TIM2_IRQHandler
                0x080020a8                TIM1_BRK_IRQHandler
                0x080020a8                EXTI1_IRQHandler
                0x080020a8                USART2_IRQHandler
                0x080020a8                I2C2_ER_IRQHandler
                0x080020a8                DMA1_Channel2_IRQHandler
                0x080020a8                CAN1_SCE_IRQHandler
                0x080020a8                FLASH_IRQHandler
                0x080020a8                USART1_IRQHandler
                0x080020a8                I2C1_ER_IRQHandler
                0x080020a8                USBWakeUp_IRQHandler
 *fill*         0x080020aa        0x2 
 .text.__libc_init_array
                0x080020ac       0x48 c:/program files (x86)/atollic/truestudio for stm32 9.2.0/armtools/bin/../lib/gcc/arm-atollic-eabi/6.3.1/../../../../arm-atollic-eabi/lib/armv7-m\libc_nano.a(lib_a-init.o)
                0x080020ac                __libc_init_array
 .text.memcpy   0x080020f4       0x16 c:/program files (x86)/atollic/truestudio for stm32 9.2.0/armtools/bin/../lib/gcc/arm-atollic-eabi/6.3.1/../../../../arm-atollic-eabi/lib/armv7-m\libc_nano.a(lib_a-memcpy-stub.o)
                0x080020f4                memcpy
 .text.memset   0x0800210a       0x10 c:/program files (x86)/atollic/truestudio for stm32 9.2.0/armtools/bin/../lib/gcc/arm-atollic-eabi/6.3.1/../../../../arm-atollic-eabi/lib/armv7-m\libc_nano.a(lib_a-memset.o)
                0x0800210a                memset
 *(.glue_7)
 .glue_7        0x0800211a        0x0 linker stubs
 *(.glue_7t)
 .glue_7t       0x0800211a        0x0 linker stubs
 *(.eh_frame)
 *fill*         0x0800211a        0x2 
 .eh_frame      0x0800211c        0x0 c:/program files (x86)/atollic/truestudio for stm32 9.2.0/armtools/bin/../lib/gcc/arm-atollic-eabi/6.3.1/armv7-m/crtbegin.o
 *(.init)
 .init          0x0800211c        0x4 c:/program files (x86)/atollic/truestudio for stm32 9.2.0/armtools/bin/../lib/gcc/arm-atollic-eabi/6.3.1/armv7-m/crti.o
                0x0800211c                _init
 .init          0x08002120        0x8 c:/program files (x86)/atollic/truestudio for stm32 9.2.0/armtools/bin/../lib/gcc/arm-atollic-eabi/6.3.1/armv7-m/crtn.o
 *(.fini)
 .fini          0x08002128        0x4 c:/program files (x86)/atollic/truestudio for stm32 9.2.0/armtools/bin/../lib/gcc/arm-atollic-eabi/6.3.1/armv7-m/crti.o
                0x08002128                _fini
 .fini          0x0800212c        0x8 c:/program files (x86)/atollic/truestudio for stm32 9.2.0/armtools/bin/../lib/gcc/arm-atollic-eabi/6.3.1/armv7-m/crtn.o
                0x08002134                . = ALIGN (0x4)
                0x08002134                _etext = .

.vfp11_veneer   0x08002134        0x0
 .vfp11_veneer  0x08002134        0x0 linker stubs

.v4_bx          0x08002134        0x0
 .v4_bx         0x08002134        0x0 linker stubs

.iplt           0x08002134        0x0
 .iplt          0x08002134        0x0 c:/program files (x86)/atollic/truestudio for stm32 9.2.0/armtools/bin/../lib/gcc/arm-atollic-eabi/6.3.1/armv7-m/crtbegin.o

.rodata         0x08002134       0x88
                0x08002134                . = ALIGN (0x4)
 *(.rodata)
 .rodata        0x08002134       0x10 Drivers\STM32F1xx_HAL_Driver\Src\stm32f1xx_hal_rcc.o
 .rodata        0x08002144       0x3c Src\main.o
 *(.rodata*)
 .rodata.vTaskStartScheduler.str1.1
                0x08002180        0x5 Middlewares\Third_Party\FreeRTOS\Source\tasks.o
 .rodata.str1.1
                0x08002185       0x1e Src\main.o
 .rodata.AHBPrescTable
                0x080021a3       0x10 Src\system_stm32f1xx.o
                0x080021a3                AHBPrescTable
 .rodata.APBPrescTable
                0x080021b3        0x8 Src\system_stm32f1xx.o
                0x080021b3                APBPrescTable
                0x080021bc                . = ALIGN (0x4)
 *fill*         0x080021bb        0x1 

.rel.dyn        0x080021bc        0x0
 .rel.iplt      0x080021bc        0x0 c:/program files (x86)/atollic/truestudio for stm32 9.2.0/armtools/bin/../lib/gcc/arm-atollic-eabi/6.3.1/armv7-m/crtbegin.o

.ARM.extab
 *(.ARM.extab* .gnu.linkonce.armextab.*)

.ARM            0x080021bc        0x0
                0x080021bc                __exidx_start = .
 *(.ARM.exidx*)
                0x080021bc                __exidx_end = .

.preinit_array  0x080021bc        0x0
                0x080021bc                PROVIDE (__preinit_array_start, .)
 *(.preinit_array*)
                0x080021bc                PROVIDE (__preinit_array_end, .)

.init_array     0x080021bc        0x4
                0x080021bc                PROVIDE (__init_array_start, .)
 *(SORT(.init_array.*))
 *(.init_array*)
 .init_array    0x080021bc        0x4 c:/program files (x86)/atollic/truestudio for stm32 9.2.0/armtools/bin/../lib/gcc/arm-atollic-eabi/6.3.1/armv7-m/crtbegin.o
                0x080021c0                PROVIDE (__init_array_end, .)

.fini_array     0x080021c0        0x4
                [!provide]                PROVIDE (__fini_array_start, .)
 *(SORT(.fini_array.*))
 *(.fini_array*)
 .fini_array    0x080021c0        0x4 c:/program files (x86)/atollic/truestudio for stm32 9.2.0/armtools/bin/../lib/gcc/arm-atollic-eabi/6.3.1/armv7-m/crtbegin.o
                [!provide]                PROVIDE (__fini_array_end, .)
                0x080021c4                _sidata = LOADADDR (.data)

.data           0x20000000       0x10 load address 0x080021c4
                0x20000000                . = ALIGN (0x4)
                0x20000000                _sdata = .
 *(.data)
 *(.data*)
 .data.uwTickFreq
                0x20000000        0x1 Drivers\STM32F1xx_HAL_Driver\Src\stm32f1xx_hal.o
                0x20000000                uwTickFreq
 *fill*         0x20000001        0x3 
 .data.uwTickPrio
                0x20000004        0x4 Drivers\STM32F1xx_HAL_Driver\Src\stm32f1xx_hal.o
                0x20000004                uwTickPrio
 .data.uxCriticalNesting
                0x20000008        0x4 Middlewares\Third_Party\FreeRTOS\Source\portable\GCC\ARM_CM3\port.o
 .data.SystemCoreClock
                0x2000000c        0x4 Src\system_stm32f1xx.o
                0x2000000c                SystemCoreClock
                0x20000010                . = ALIGN (0x4)
                0x20000010                _edata = .

.igot.plt       0x20000010        0x0 load address 0x080021d4
 .igot.plt      0x20000010        0x0 c:/program files (x86)/atollic/truestudio for stm32 9.2.0/armtools/bin/../lib/gcc/arm-atollic-eabi/6.3.1/armv7-m/crtbegin.o
                0x20000010                . = ALIGN (0x4)

.bss            0x20000010      0xdfc load address 0x080021d4
                0x20000010                _sbss = .
                0x20000010                __bss_start__ = _sbss
 *(.bss)
 .bss           0x20000010       0x1c c:/program files (x86)/atollic/truestudio for stm32 9.2.0/armtools/bin/../lib/gcc/arm-atollic-eabi/6.3.1/armv7-m/crtbegin.o
 *(.bss*)
 .bss.ucMaxSysCallPriority
                0x2000002c        0x1 Middlewares\Third_Party\FreeRTOS\Source\portable\GCC\ARM_CM3\port.o
 *fill*         0x2000002d        0x3 
 .bss.ulMaxPRIGROUPValue
                0x20000030        0x4 Middlewares\Third_Party\FreeRTOS\Source\portable\GCC\ARM_CM3\port.o
 .bss.pxEnd     0x20000034        0x4 Middlewares\Third_Party\FreeRTOS\Source\portable\MemMang\heap_4.o
 .bss.ucHeap    0x20000038      0xc00 Middlewares\Third_Party\FreeRTOS\Source\portable\MemMang\heap_4.o
 .bss.xBlockAllocatedBit
                0x20000c38        0x4 Middlewares\Third_Party\FreeRTOS\Source\portable\MemMang\heap_4.o
 .bss.xFreeBytesRemaining
                0x20000c3c        0x4 Middlewares\Third_Party\FreeRTOS\Source\portable\MemMang\heap_4.o
 .bss.xMinimumEverFreeBytesRemaining
                0x20000c40        0x4 Middlewares\Third_Party\FreeRTOS\Source\portable\MemMang\heap_4.o
 .bss.xStart    0x20000c44        0x8 Middlewares\Third_Party\FreeRTOS\Source\portable\MemMang\heap_4.o
 .bss.pxCurrentTCB
                0x20000c4c        0x4 Middlewares\Third_Party\FreeRTOS\Source\tasks.o
                0x20000c4c                pxCurrentTCB
 .bss.pxDelayedTaskList
                0x20000c50        0x4 Middlewares\Third_Party\FreeRTOS\Source\tasks.o
 .bss.pxOverflowDelayedTaskList
                0x20000c54        0x4 Middlewares\Third_Party\FreeRTOS\Source\tasks.o
 .bss.pxReadyTasksLists
                0x20000c58       0x8c Middlewares\Third_Party\FreeRTOS\Source\tasks.o
 .bss.uxCurrentNumberOfTasks
                0x20000ce4        0x4 Middlewares\Third_Party\FreeRTOS\Source\tasks.o
 .bss.uxDeletedTasksWaitingCleanUp
                0x20000ce8        0x4 Middlewares\Third_Party\FreeRTOS\Source\tasks.o
 .bss.uxPendedTicks
                0x20000cec        0x4 Middlewares\Third_Party\FreeRTOS\Source\tasks.o
 .bss.uxSchedulerSuspended
                0x20000cf0        0x4 Middlewares\Third_Party\FreeRTOS\Source\tasks.o
 .bss.uxTaskNumber
                0x20000cf4        0x4 Middlewares\Third_Party\FreeRTOS\Source\tasks.o
 .bss.uxTopReadyPriority
                0x20000cf8        0x4 Middlewares\Third_Party\FreeRTOS\Source\tasks.o
 .bss.xDelayedTaskList1
                0x20000cfc       0x14 Middlewares\Third_Party\FreeRTOS\Source\tasks.o
 .bss.xDelayedTaskList2
                0x20000d10       0x14 Middlewares\Third_Party\FreeRTOS\Source\tasks.o
 .bss.xIdleTaskHandle
                0x20000d24        0x4 Middlewares\Third_Party\FreeRTOS\Source\tasks.o
 .bss.xNextTaskUnblockTime
                0x20000d28        0x4 Middlewares\Third_Party\FreeRTOS\Source\tasks.o
 .bss.xNumOfOverflows
                0x20000d2c        0x4 Middlewares\Third_Party\FreeRTOS\Source\tasks.o
 .bss.xPendingReadyList
                0x20000d30       0x14 Middlewares\Third_Party\FreeRTOS\Source\tasks.o
 .bss.xSchedulerRunning
                0x20000d44        0x4 Middlewares\Third_Party\FreeRTOS\Source\tasks.o
 .bss.xSuspendedTaskList
                0x20000d48       0x14 Middlewares\Third_Party\FreeRTOS\Source\tasks.o
 .bss.xTasksWaitingTermination
                0x20000d5c       0x14 Middlewares\Third_Party\FreeRTOS\Source\tasks.o
 .bss.xTickCount
                0x20000d70        0x4 Middlewares\Third_Party\FreeRTOS\Source\tasks.o
 .bss.xYieldPending
                0x20000d74        0x4 Middlewares\Third_Party\FreeRTOS\Source\tasks.o
 *(COMMON)
 COMMON         0x20000d78        0x4 Drivers\STM32F1xx_HAL_Driver\Src\stm32f1xx_hal.o
                0x20000d78                uwTick
 COMMON         0x20000d7c       0x50 Src\main.o
                0x20000d7c                defaultTaskHandle
                0x20000d80                myTask02Handle
                0x20000d84                uartMutexHandle
                0x20000d88                myTask03Handle
                0x20000d8c                huart2
 COMMON         0x20000dcc       0x40 Src\stm32f1xx_hal_timebase_tim.o
                0x20000dcc                htim1
                0x20000e0c                . = ALIGN (0x4)
                0x20000e0c                _ebss = .
                0x20000e0c                __bss_end__ = _ebss

._user_heap_stack
                0x20000e0c      0x600 load address 0x080021d4
                0x20000e0c                . = ALIGN (0x4)
                0x20000e0c                PROVIDE (end, .)
                [!provide]                PROVIDE (_end, .)
                0x2000100c                . = (. + _Min_Heap_Size)
 *fill*         0x20000e0c      0x200 
                0x2000140c                . = (. + _Min_Stack_Size)
 *fill*         0x2000100c      0x400 
                0x2000140c                . = ALIGN (0x4)

/DISCARD/
 libc.a(*)
 libm.a(*)
 libgcc.a(*)

.ARM.attributes
                0x00000000       0x29
 *(.ARM.attributes)
 .ARM.attributes
                0x00000000       0x1d c:/program files (x86)/atollic/truestudio for stm32 9.2.0/armtools/bin/../lib/gcc/arm-atollic-eabi/6.3.1/armv7-m/crti.o
 .ARM.attributes
                0x0000001d       0x2d c:/program files (x86)/atollic/truestudio for stm32 9.2.0/armtools/bin/../lib/gcc/arm-atollic-eabi/6.3.1/armv7-m/crtbegin.o
 .ARM.attributes
                0x0000004a       0x33 Drivers\STM32F1xx_HAL_Driver\Src\stm32f1xx_hal.o
 .ARM.attributes
                0x0000007d       0x33 Drivers\STM32F1xx_HAL_Driver\Src\stm32f1xx_hal_cortex.o
 .ARM.attributes
                0x000000b0       0x33 Drivers\STM32F1xx_HAL_Driver\Src\stm32f1xx_hal_gpio.o
 .ARM.attributes
                0x000000e3       0x33 Drivers\STM32F1xx_HAL_Driver\Src\stm32f1xx_hal_rcc.o
 .ARM.attributes
                0x00000116       0x33 Drivers\STM32F1xx_HAL_Driver\Src\stm32f1xx_hal_tim.o
 .ARM.attributes
                0x00000149       0x33 Drivers\STM32F1xx_HAL_Driver\Src\stm32f1xx_hal_tim_ex.o
 .ARM.attributes
                0x0000017c       0x33 Drivers\STM32F1xx_HAL_Driver\Src\stm32f1xx_hal_uart.o
 .ARM.attributes
                0x000001af       0x33 Middlewares\Third_Party\FreeRTOS\Source\CMSIS_RTOS\cmsis_os.o
 .ARM.attributes
                0x000001e2       0x33 Middlewares\Third_Party\FreeRTOS\Source\list.o
 .ARM.attributes
                0x00000215       0x33 Middlewares\Third_Party\FreeRTOS\Source\portable\GCC\ARM_CM3\port.o
 .ARM.attributes
                0x00000248       0x33 Middlewares\Third_Party\FreeRTOS\Source\portable\MemMang\heap_4.o
 .ARM.attributes
                0x0000027b       0x33 Middlewares\Third_Party\FreeRTOS\Source\queue.o
 .ARM.attributes
                0x000002ae       0x33 Middlewares\Third_Party\FreeRTOS\Source\tasks.o
 .ARM.attributes
                0x000002e1       0x33 Src\main.o
 .ARM.attributes
                0x00000314       0x33 Src\stm32f1xx_hal_msp.o
 .ARM.attributes
                0x00000347       0x33 Src\stm32f1xx_hal_timebase_tim.o
 .ARM.attributes
                0x0000037a       0x33 Src\stm32f1xx_it.o
 .ARM.attributes
                0x000003ad       0x33 Src\system_stm32f1xx.o
 .ARM.attributes
                0x000003e0       0x21 startup\startup_stm32f103xb.o
 .ARM.attributes
                0x00000401       0x2d c:/program files (x86)/atollic/truestudio for stm32 9.2.0/armtools/bin/../lib/gcc/arm-atollic-eabi/6.3.1/../../../../arm-atollic-eabi/lib/armv7-m\libc_nano.a(lib_a-init.o)
 .ARM.attributes
                0x0000042e       0x2d c:/program files (x86)/atollic/truestudio for stm32 9.2.0/armtools/bin/../lib/gcc/arm-atollic-eabi/6.3.1/../../../../arm-atollic-eabi/lib/armv7-m\libc_nano.a(lib_a-memcpy-stub.o)
 .ARM.attributes
                0x0000045b       0x2d c:/program files (x86)/atollic/truestudio for stm32 9.2.0/armtools/bin/../lib/gcc/arm-atollic-eabi/6.3.1/../../../../arm-atollic-eabi/lib/armv7-m\libc_nano.a(lib_a-memset.o)
 .ARM.attributes
                0x00000488       0x1d c:/program files (x86)/atollic/truestudio for stm32 9.2.0/armtools/bin/../lib/gcc/arm-atollic-eabi/6.3.1/armv7-m/crtn.o
OUTPUT(CMSIS_RTOS.elf elf32-littlearm)

.debug_info     0x00000000    0x14322
 .debug_info    0x00000000      0x7cd Drivers\STM32F1xx_HAL_Driver\Src\stm32f1xx_hal.o
 .debug_info    0x000007cd      0xca7 Drivers\STM32F1xx_HAL_Driver\Src\stm32f1xx_hal_cortex.o
 .debug_info    0x00001474      0x691 Drivers\STM32F1xx_HAL_Driver\Src\stm32f1xx_hal_gpio.o
 .debug_info    0x00001b05      0xa01 Drivers\STM32F1xx_HAL_Driver\Src\stm32f1xx_hal_rcc.o
 .debug_info    0x00002506     0x34cc Drivers\STM32F1xx_HAL_Driver\Src\stm32f1xx_hal_tim.o
 .debug_info    0x000059d2     0x12fc Drivers\STM32F1xx_HAL_Driver\Src\stm32f1xx_hal_tim_ex.o
 .debug_info    0x00006cce     0x1632 Drivers\STM32F1xx_HAL_Driver\Src\stm32f1xx_hal_uart.o
 .debug_info    0x00008300     0x24fc Middlewares\Third_Party\FreeRTOS\Source\CMSIS_RTOS\cmsis_os.o
 .debug_info    0x0000a7fc      0xac5 Middlewares\Third_Party\FreeRTOS\Source\list.o
 .debug_info    0x0000b2c1      0x50a Middlewares\Third_Party\FreeRTOS\Source\portable\GCC\ARM_CM3\port.o
 .debug_info    0x0000b7cb      0xca5 Middlewares\Third_Party\FreeRTOS\Source\portable\MemMang\heap_4.o
 .debug_info    0x0000c470     0x24ae Middlewares\Third_Party\FreeRTOS\Source\queue.o
 .debug_info    0x0000e91e     0x2a83 Middlewares\Third_Party\FreeRTOS\Source\tasks.o
 .debug_info    0x000113a1     0x1091 Src\main.o
 .debug_info    0x00012432      0xa1d Src\stm32f1xx_hal_msp.o
 .debug_info    0x00012e4f      0x9ac Src\stm32f1xx_hal_timebase_tim.o
 .debug_info    0x000137fb      0x680 Src\stm32f1xx_it.o
 .debug_info    0x00013e7b      0x437 Src\system_stm32f1xx.o
 .debug_info    0x000142b2       0x70 startup\startup_stm32f103xb.o

.debug_abbrev   0x00000000     0x2f93
 .debug_abbrev  0x00000000      0x24a Drivers\STM32F1xx_HAL_Driver\Src\stm32f1xx_hal.o
 .debug_abbrev  0x0000024a      0x2f8 Drivers\STM32F1xx_HAL_Driver\Src\stm32f1xx_hal_cortex.o
 .debug_abbrev  0x00000542      0x1e4 Drivers\STM32F1xx_HAL_Driver\Src\stm32f1xx_hal_gpio.o
 .debug_abbrev  0x00000726      0x2c1 Drivers\STM32F1xx_HAL_Driver\Src\stm32f1xx_hal_rcc.o
 .debug_abbrev  0x000009e7      0x335 Drivers\STM32F1xx_HAL_Driver\Src\stm32f1xx_hal_tim.o
 .debug_abbrev  0x00000d1c      0x29c Drivers\STM32F1xx_HAL_Driver\Src\stm32f1xx_hal_tim_ex.o
 .debug_abbrev  0x00000fb8      0x2f3 Drivers\STM32F1xx_HAL_Driver\Src\stm32f1xx_hal_uart.o
 .debug_abbrev  0x000012ab      0x459 Middlewares\Third_Party\FreeRTOS\Source\CMSIS_RTOS\cmsis_os.o
 .debug_abbrev  0x00001704      0x1ea Middlewares\Third_Party\FreeRTOS\Source\list.o
 .debug_abbrev  0x000018ee      0x238 Middlewares\Third_Party\FreeRTOS\Source\portable\GCC\ARM_CM3\port.o
 .debug_abbrev  0x00001b26      0x314 Middlewares\Third_Party\FreeRTOS\Source\portable\MemMang\heap_4.o
 .debug_abbrev  0x00001e3a      0x3d2 Middlewares\Third_Party\FreeRTOS\Source\queue.o
 .debug_abbrev  0x0000220c      0x413 Middlewares\Third_Party\FreeRTOS\Source\tasks.o
 .debug_abbrev  0x0000261f      0x2cf Src\main.o
 .debug_abbrev  0x000028ee      0x1d9 Src\stm32f1xx_hal_msp.o
 .debug_abbrev  0x00002ac7      0x1e7 Src\stm32f1xx_hal_timebase_tim.o
 .debug_abbrev  0x00002cae      0x1a4 Src\stm32f1xx_it.o
 .debug_abbrev  0x00002e52      0x12f Src\system_stm32f1xx.o
 .debug_abbrev  0x00002f81       0x12 startup\startup_stm32f103xb.o

.debug_loc      0x00000000     0x9425
 .debug_loc     0x00000000      0x10c Drivers\STM32F1xx_HAL_Driver\Src\stm32f1xx_hal.o
 .debug_loc     0x0000010c      0x487 Drivers\STM32F1xx_HAL_Driver\Src\stm32f1xx_hal_cortex.o
 .debug_loc     0x00000593      0x2f5 Drivers\STM32F1xx_HAL_Driver\Src\stm32f1xx_hal_gpio.o
 .debug_loc     0x00000888      0x478 Drivers\STM32F1xx_HAL_Driver\Src\stm32f1xx_hal_rcc.o
 .debug_loc     0x00000d00     0x2f5a Drivers\STM32F1xx_HAL_Driver\Src\stm32f1xx_hal_tim.o
 .debug_loc     0x00003c5a      0xa7c Drivers\STM32F1xx_HAL_Driver\Src\stm32f1xx_hal_tim_ex.o
 .debug_loc     0x000046d6     0x1362 Drivers\STM32F1xx_HAL_Driver\Src\stm32f1xx_hal_uart.o
 .debug_loc     0x00005a38      0xf64 Middlewares\Third_Party\FreeRTOS\Source\CMSIS_RTOS\cmsis_os.o
 .debug_loc     0x0000699c       0x94 Middlewares\Third_Party\FreeRTOS\Source\list.o
 .debug_loc     0x00006a30       0xce Middlewares\Third_Party\FreeRTOS\Source\portable\GCC\ARM_CM3\port.o
 .debug_loc     0x00006afe      0x390 Middlewares\Third_Party\FreeRTOS\Source\portable\MemMang\heap_4.o
 .debug_loc     0x00006e8e      0xf9e Middlewares\Third_Party\FreeRTOS\Source\queue.o
 .debug_loc     0x00007e2c     0x13b1 Middlewares\Third_Party\FreeRTOS\Source\tasks.o
 .debug_loc     0x000091dd       0x8f Src\main.o
 .debug_loc     0x0000926c       0x58 Src\stm32f1xx_hal_msp.o
 .debug_loc     0x000092c4       0x94 Src\stm32f1xx_hal_timebase_tim.o
 .debug_loc     0x00009358       0xcd Src\system_stm32f1xx.o

.debug_aranges  0x00000000      0xd50
 .debug_aranges
                0x00000000       0xd8 Drivers\STM32F1xx_HAL_Driver\Src\stm32f1xx_hal.o
 .debug_aranges
                0x000000d8       0x90 Drivers\STM32F1xx_HAL_Driver\Src\stm32f1xx_hal_cortex.o
 .debug_aranges
                0x00000168       0x58 Drivers\STM32F1xx_HAL_Driver\Src\stm32f1xx_hal_gpio.o
 .debug_aranges
                0x000001c0       0x88 Drivers\STM32F1xx_HAL_Driver\Src\stm32f1xx_hal_rcc.o
 .debug_aranges
                0x00000248      0x278 Drivers\STM32F1xx_HAL_Driver\Src\stm32f1xx_hal_tim.o
 .debug_aranges
                0x000004c0       0xf8 Drivers\STM32F1xx_HAL_Driver\Src\stm32f1xx_hal_tim_ex.o
 .debug_aranges
                0x000005b8      0x170 Drivers\STM32F1xx_HAL_Driver\Src\stm32f1xx_hal_uart.o
 .debug_aranges
                0x00000728      0x190 Middlewares\Third_Party\FreeRTOS\Source\CMSIS_RTOS\cmsis_os.o
 .debug_aranges
                0x000008b8       0x40 Middlewares\Third_Party\FreeRTOS\Source\list.o
 .debug_aranges
                0x000008f8       0x78 Middlewares\Third_Party\FreeRTOS\Source\portable\GCC\ARM_CM3\port.o
 .debug_aranges
                0x00000970       0x48 Middlewares\Third_Party\FreeRTOS\Source\portable\MemMang\heap_4.o
 .debug_aranges
                0x000009b8       0xd8 Middlewares\Third_Party\FreeRTOS\Source\queue.o
 .debug_aranges
                0x00000a90      0x178 Middlewares\Third_Party\FreeRTOS\Source\tasks.o
 .debug_aranges
                0x00000c08       0x50 Src\main.o
 .debug_aranges
                0x00000c58       0x30 Src\stm32f1xx_hal_msp.o
 .debug_aranges
                0x00000c88       0x30 Src\stm32f1xx_hal_timebase_tim.o
 .debug_aranges
                0x00000cb8       0x48 Src\stm32f1xx_it.o
 .debug_aranges
                0x00000d00       0x28 Src\system_stm32f1xx.o
 .debug_aranges
                0x00000d28       0x28 startup\startup_stm32f103xb.o

.debug_ranges   0x00000000     0x11a8
 .debug_ranges  0x00000000       0xc8 Drivers\STM32F1xx_HAL_Driver\Src\stm32f1xx_hal.o
 .debug_ranges  0x000000c8      0x128 Drivers\STM32F1xx_HAL_Driver\Src\stm32f1xx_hal_cortex.o
 .debug_ranges  0x000001f0       0x60 Drivers\STM32F1xx_HAL_Driver\Src\stm32f1xx_hal_gpio.o
 .debug_ranges  0x00000250       0xa0 Drivers\STM32F1xx_HAL_Driver\Src\stm32f1xx_hal_rcc.o
 .debug_ranges  0x000002f0      0x348 Drivers\STM32F1xx_HAL_Driver\Src\stm32f1xx_hal_tim.o
 .debug_ranges  0x00000638       0xe8 Drivers\STM32F1xx_HAL_Driver\Src\stm32f1xx_hal_tim_ex.o
 .debug_ranges  0x00000720      0x190 Drivers\STM32F1xx_HAL_Driver\Src\stm32f1xx_hal_uart.o
 .debug_ranges  0x000008b0      0x198 Middlewares\Third_Party\FreeRTOS\Source\CMSIS_RTOS\cmsis_os.o
 .debug_ranges  0x00000a48       0x30 Middlewares\Third_Party\FreeRTOS\Source\list.o
 .debug_ranges  0x00000a78       0x80 Middlewares\Third_Party\FreeRTOS\Source\portable\GCC\ARM_CM3\port.o
 .debug_ranges  0x00000af8       0x38 Middlewares\Third_Party\FreeRTOS\Source\portable\MemMang\heap_4.o
 .debug_ranges  0x00000b30      0x1f0 Middlewares\Third_Party\FreeRTOS\Source\queue.o
 .debug_ranges  0x00000d20      0x290 Middlewares\Third_Party\FreeRTOS\Source\tasks.o
 .debug_ranges  0x00000fb0       0xc0 Src\main.o
 .debug_ranges  0x00001070       0x80 Src\stm32f1xx_hal_msp.o
 .debug_ranges  0x000010f0       0x48 Src\stm32f1xx_hal_timebase_tim.o
 .debug_ranges  0x00001138       0x38 Src\stm32f1xx_it.o
 .debug_ranges  0x00001170       0x18 Src\system_stm32f1xx.o
 .debug_ranges  0x00001188       0x20 startup\startup_stm32f103xb.o

.debug_line     0x00000000     0x6c62
 .debug_line    0x00000000      0x3eb Drivers\STM32F1xx_HAL_Driver\Src\stm32f1xx_hal.o
 .debug_line    0x000003eb      0x3e6 Drivers\STM32F1xx_HAL_Driver\Src\stm32f1xx_hal_cortex.o
 .debug_line    0x000007d1      0x3ab Drivers\STM32F1xx_HAL_Driver\Src\stm32f1xx_hal_gpio.o
 .debug_line    0x00000b7c      0x582 Drivers\STM32F1xx_HAL_Driver\Src\stm32f1xx_hal_rcc.o
 .debug_line    0x000010fe     0x1179 Drivers\STM32F1xx_HAL_Driver\Src\stm32f1xx_hal_tim.o
 .debug_line    0x00002277      0x6d5 Drivers\STM32F1xx_HAL_Driver\Src\stm32f1xx_hal_tim_ex.o
 .debug_line    0x0000294c      0xbda Drivers\STM32F1xx_HAL_Driver\Src\stm32f1xx_hal_uart.o
 .debug_line    0x00003526      0x8d2 Middlewares\Third_Party\FreeRTOS\Source\CMSIS_RTOS\cmsis_os.o
 .debug_line    0x00003df8      0x362 Middlewares\Third_Party\FreeRTOS\Source\list.o
 .debug_line    0x0000415a      0x33e Middlewares\Third_Party\FreeRTOS\Source\portable\GCC\ARM_CM3\port.o
 .debug_line    0x00004498      0x40c Middlewares\Third_Party\FreeRTOS\Source\portable\MemMang\heap_4.o
 .debug_line    0x000048a4      0x90f Middlewares\Third_Party\FreeRTOS\Source\queue.o
 .debug_line    0x000051b3      0xc2e Middlewares\Third_Party\FreeRTOS\Source\tasks.o
 .debug_line    0x00005de1      0x412 Src\main.o
 .debug_line    0x000061f3      0x2ad Src\stm32f1xx_hal_msp.o
 .debug_line    0x000064a0      0x2aa Src\stm32f1xx_hal_timebase_tim.o
 .debug_line    0x0000674a      0x273 Src\stm32f1xx_it.o
 .debug_line    0x000069bd      0x228 Src\system_stm32f1xx.o
 .debug_line    0x00006be5       0x7d startup\startup_stm32f103xb.o

.debug_str      0x00000000     0x521a
 .debug_str     0x00000000      0x7fd Drivers\STM32F1xx_HAL_Driver\Src\stm32f1xx_hal.o
                                0x861 (size before relaxing)
 .debug_str     0x000007fd      0x3bc Drivers\STM32F1xx_HAL_Driver\Src\stm32f1xx_hal_cortex.o
                                0x983 (size before relaxing)
 .debug_str     0x00000bb9      0x1cf Drivers\STM32F1xx_HAL_Driver\Src\stm32f1xx_hal_gpio.o
                                0x4d4 (size before relaxing)
 .debug_str     0x00000d88      0x331 Drivers\STM32F1xx_HAL_Driver\Src\stm32f1xx_hal_rcc.o
                                0x6bd (size before relaxing)
 .debug_str     0x000010b9     0x11c4 Drivers\STM32F1xx_HAL_Driver\Src\stm32f1xx_hal_tim.o
                               0x1505 (size before relaxing)
 .debug_str     0x0000227d      0x548 Drivers\STM32F1xx_HAL_Driver\Src\stm32f1xx_hal_tim_ex.o
                                0xd1d (size before relaxing)
 .debug_str     0x000027c5      0x6fc Drivers\STM32F1xx_HAL_Driver\Src\stm32f1xx_hal_uart.o
                                0xc4d (size before relaxing)
 .debug_str     0x00002ec1      0xf38 Middlewares\Third_Party\FreeRTOS\Source\CMSIS_RTOS\cmsis_os.o
                               0x11ef (size before relaxing)
 .debug_str     0x00003df9      0x159 Middlewares\Third_Party\FreeRTOS\Source\list.o
                                0x728 (size before relaxing)
 .debug_str     0x00003f52      0x229 Middlewares\Third_Party\FreeRTOS\Source\portable\GCC\ARM_CM3\port.o
                                0x45e (size before relaxing)
 .debug_str     0x0000417b      0x1e8 Middlewares\Third_Party\FreeRTOS\Source\portable\MemMang\heap_4.o
                                0x811 (size before relaxing)
 .debug_str     0x00004363      0x508 Middlewares\Third_Party\FreeRTOS\Source\queue.o
                                0xddc (size before relaxing)
 .debug_str     0x0000486b      0x746 Middlewares\Third_Party\FreeRTOS\Source\tasks.o
                               0x12b5 (size before relaxing)
 .debug_str     0x00004fb1      0x123 Src\main.o
                                0xce9 (size before relaxing)
 .debug_str     0x000050d4       0x1b Src\stm32f1xx_hal_msp.o
                                0xa05 (size before relaxing)
 .debug_str     0x000050ef       0x50 Src\stm32f1xx_hal_timebase_tim.o
                                0xabd (size before relaxing)
 .debug_str     0x0000513f       0x8e Src\stm32f1xx_it.o
                                0x6b1 (size before relaxing)
 .debug_str     0x000051cd       0x4d Src\system_stm32f1xx.o
                                0x343 (size before relaxing)

.comment        0x00000000       0x7c
 .comment       0x00000000       0x7c Drivers\STM32F1xx_HAL_Driver\Src\stm32f1xx_hal.o
                                 0x7d (size before relaxing)
 .comment       0x0000007c       0x7d Drivers\STM32F1xx_HAL_Driver\Src\stm32f1xx_hal_cortex.o
 .comment       0x0000007c       0x7d Drivers\STM32F1xx_HAL_Driver\Src\stm32f1xx_hal_gpio.o
 .comment       0x0000007c       0x7d Drivers\STM32F1xx_HAL_Driver\Src\stm32f1xx_hal_rcc.o
 .comment       0x0000007c       0x7d Drivers\STM32F1xx_HAL_Driver\Src\stm32f1xx_hal_tim.o
 .comment       0x0000007c       0x7d Drivers\STM32F1xx_HAL_Driver\Src\stm32f1xx_hal_tim_ex.o
 .comment       0x0000007c       0x7d Drivers\STM32F1xx_HAL_Driver\Src\stm32f1xx_hal_uart.o
 .comment       0x0000007c       0x7d Middlewares\Third_Party\FreeRTOS\Source\CMSIS_RTOS\cmsis_os.o
 .comment       0x0000007c       0x7d Middlewares\Third_Party\FreeRTOS\Source\list.o
 .comment       0x0000007c       0x7d Middlewares\Third_Party\FreeRTOS\Source\portable\GCC\ARM_CM3\port.o
 .comment       0x0000007c       0x7d Middlewares\Third_Party\FreeRTOS\Source\portable\MemMang\heap_4.o
 .comment       0x0000007c       0x7d Middlewares\Third_Party\FreeRTOS\Source\queue.o
 .comment       0x0000007c       0x7d Middlewares\Third_Party\FreeRTOS\Source\tasks.o
 .comment       0x0000007c       0x7d Src\main.o
 .comment       0x0000007c       0x7d Src\stm32f1xx_hal_msp.o
 .comment       0x0000007c       0x7d Src\stm32f1xx_hal_timebase_tim.o
 .comment       0x0000007c       0x7d Src\stm32f1xx_it.o
 .comment       0x0000007c       0x7d Src\system_stm32f1xx.o

.debug_frame    0x00000000     0x2714
 .debug_frame   0x00000000      0x1d4 Drivers\STM32F1xx_HAL_Driver\Src\stm32f1xx_hal.o
 .debug_frame   0x000001d4      0x120 Drivers\STM32F1xx_HAL_Driver\Src\stm32f1xx_hal_cortex.o
 .debug_frame   0x000002f4       0xd4 Drivers\STM32F1xx_HAL_Driver\Src\stm32f1xx_hal_gpio.o
 .debug_frame   0x000003c8      0x150 Drivers\STM32F1xx_HAL_Driver\Src\stm32f1xx_hal_rcc.o
 .debug_frame   0x00000518      0x928 Drivers\STM32F1xx_HAL_Driver\Src\stm32f1xx_hal_tim.o
 .debug_frame   0x00000e40      0x360 Drivers\STM32F1xx_HAL_Driver\Src\stm32f1xx_hal_tim_ex.o
 .debug_frame   0x000011a0      0x498 Drivers\STM32F1xx_HAL_Driver\Src\stm32f1xx_hal_uart.o
 .debug_frame   0x00001638      0x4d4 Middlewares\Third_Party\FreeRTOS\Source\CMSIS_RTOS\cmsis_os.o
 .debug_frame   0x00001b0c       0x6c Middlewares\Third_Party\FreeRTOS\Source\list.o
 .debug_frame   0x00001b78       0xec Middlewares\Third_Party\FreeRTOS\Source\portable\GCC\ARM_CM3\port.o
 .debug_frame   0x00001c64       0x98 Middlewares\Third_Party\FreeRTOS\Source\portable\MemMang\heap_4.o
 .debug_frame   0x00001cfc      0x2d0 Middlewares\Third_Party\FreeRTOS\Source\queue.o
 .debug_frame   0x00001fcc      0x4c8 Middlewares\Third_Party\FreeRTOS\Source\tasks.o
 .debug_frame   0x00002494       0xb4 Src\main.o
 .debug_frame   0x00002548       0x58 Src\stm32f1xx_hal_msp.o
 .debug_frame   0x000025a0       0x50 Src\stm32f1xx_hal_timebase_tim.o
 .debug_frame   0x000025f0       0x80 Src\stm32f1xx_it.o
 .debug_frame   0x00002670       0x30 Src\system_stm32f1xx.o
 .debug_frame   0x000026a0       0x2c c:/program files (x86)/atollic/truestudio for stm32 9.2.0/armtools/bin/../lib/gcc/arm-atollic-eabi/6.3.1/../../../../arm-atollic-eabi/lib/armv7-m\libc_nano.a(lib_a-init.o)
 .debug_frame   0x000026cc       0x28 c:/program files (x86)/atollic/truestudio for stm32 9.2.0/armtools/bin/../lib/gcc/arm-atollic-eabi/6.3.1/../../../../arm-atollic-eabi/lib/armv7-m\libc_nano.a(lib_a-memcpy-stub.o)
 .debug_frame   0x000026f4       0x20 c:/program files (x86)/atollic/truestudio for stm32 9.2.0/armtools/bin/../lib/gcc/arm-atollic-eabi/6.3.1/../../../../arm-atollic-eabi/lib/armv7-m\libc_nano.a(lib_a-memset.o)
